Jigana éta saeutik hebat pisan nyoba pikeun ngabentuk gambar di masarakatpikiran tim administrasi arsip Debian huddled leuwih maranéhananaterminal, rupa maranéhanana cahayana ngan ku CRT kalayan cangkang akar saeutikajakan jeung paréntah"/project/org/ftp.debian.org/cabal/s3kr1t/nuke-non-free.pl" Sagala keyedasup jeung siap pikeun indit, ramo maranéhanana poised leuwih kenop nuliskeun, hiji kesang tinalustful beading diantisipasi dina biwir luhur maranéhanana. "<20031104211846.GK13131@deadbeast.net> nyawalakeundraft amandemen Kontrak Sosial-Na
		-- Branden Robinson in

%
Upami Anjeun keur bade ngajalankeun distro rinky-dink dijieun ku sababarahasukarelawan, naha teu ngajalankeun distro rinky-dink dijieun ku loba sukarelawan?
		-- Jaldhar H. Vyas on debian-devel

%
Bungkusan kudu ngawangun-gumantung kana naon anu kudu maranehna ngawangun-gumantung.
		-- Santiago Vila on debian-devel

%
Aya 3 jenis guys - leuwih anu hate kutu buku (sadaya kutu buku, nunyaeta; katresna nu teu ngantep off hook nu); leuwih anu sieun off ku katresnaanu rada leuwih calakan ti rata-rata; jeung guys anuoge rada leuwih calakan ti rata-rata, tapi nu jadi malu nuteu bisa nunda 2 kecap babarengan basa aranjeunna keur dina 20 suku tina ngalamun.
		-- Vikki Roemer on debian-curiosa

%
Debian nyaeta sistim Jedi operasi: "Sok dua aya, master jeungan magang ".
		-- Simon Richter on debian-devel

%
Ieu Unix we nuju ngawangkong ngeunaan, inget. Hayu urang teu sakuduna jadinice pikeun programmer aplikasi.
		-- Matthew Danish on debian-devel

%
... Tapi hey, ieu téh Linux, teu eta Hartina ulah puteran wates di 5detik?
		-- Jonathan Oxer in the apt-cacher ChangeLog

%
Aku pribadi cukup senang jeung hiji release stabil unggal dua taun, jeungam pamadegan nu nyoba ngaleupaskeun leuwih bakal mean urang gé geusngaganti ngaran distro ti "stabil" ka "wobbly".
		-- Scott James Remnant on debian-devel

%
<Keybuk> Perl 6 scares kuring<Doogie> Anjeun bisa ngaran nanaon operator Anjeun. ngaran di dieu nyaeta          string '~ | _ | ~'* Lo-LAN-2 ngalir jauh screaming<Keybuk> eta kasampak kawas diagram hiji konci terusan :)<Jaybonci> operator smiley Jepang?<Nickr> ^ _ ^
		-- in #debian-devel

%
<Sam> /.ing hiji masalah kawas nanyakeun nomer wates monyet keur       pituah
		-- in #debian-devel

%
<Daniels> masih, tahta getih hurung kawas film ngeunaan overfiend           jeung virgins atawa sababaraha crap
		-- in #debian-devel

%
<Jaybonci> sabenerna d-i nangtung pikeun "pipilueun ketuhanan";)
		-- in #debian-devel

%
<Doogie> asuffield: kumaha saur anjeun dpkg asalna ditulis? : |<Asuffield> ku letting iwj meunangkeun pibahyaeun deukeut komputer
		-- in #debian-devel

%
<Asuffield> workstation nyaéta nanaon Anjeun bisa lengket dina meja somebodies             jeung con kana ngagunakeun
		-- in #debian-devel

%
<Joshk> joshk @ pangasilan: /etc/logrotate.d> sh -n *<Joshk> Apache: garis 14: error sintaksis deukeut token kaduga `} '<Joshk> Apache: garis 14: `} '<Joshk> plot thickens<Asuffield> eta teu batok Aksara<Erich> ieu teu hayam.
		-- in #debian-devel

%
Kuring diserang ku dselect salaku anak leutik jeung geus saprak merlukeun dibedahDebian.
		-- Andrew Morton

%
* Joeyh installs Debian ngagunakeun ngan toe gedé-Na, keur parobahan Pace
		-- in #debian-boot

%
* Liiwi nyokot pecut jeung panon pasc<Pasc> ohh !!! kinky!<Pasc> kumaha merenah, ieu mah saukur ngeunaan pikeun nelepon dina gering di karya ;-)
		-- in #debian-devel

%
<Poék> tétéla yén grep mulih kode kasalahan 1 lamun aya no patandingan.       Mah emang éta. Naha teu eta nyokot kuring satengah jam?
		-- Seen on #Debian

%
Ieu ngan saukur unbelievable sabaraha energi jeung kreativitas urang geusinvested kana nyiptakeun lisensi kontradiktif, bogus jeung bodo ...
		-- - Sven Rudolph about licences in debian/non-free.

%
<Overfiend> partycle: Kuring serius teu kudu pakansi ti ieu            paket. Kuring sabenerna geus ngimpi ngeunaan ngawanohkeun hiji            kutu anyar bodo kana xbase-preinst panungtungan peuting. Éta hiji            Bad Sign.
		-- Seen on #Debian shortly before the release of Debian 2.0

%
<Poék> Sigana mah channel nyaeta deui :) normal<Jim> Anjeun mean eta teh teu ngagulung leuwih gancang ti saha bisa maca? :)
		-- Seen on #Debian after the release of Debian 2.0

%
Ngan rék dilegakeun kana naon ceuk Ross, geus undoubtedly teuing ka nyangkasebaran nu mana wae nu otomatis ngadeteksi naha atawa teujalma masang bisa maca arah Inggris basajan, jeung lamun manéhnateu bisa, terusna tanpa input-Na. cara nu perenahna madness.
		-- Shawn McMahon on debian-curiosa@l.d.o

%
<Zedboy> dackel: dina umum * ngan * cara maké program komputer         nyaéta sangkan ngaéksekusi eta. geus * kungsi * dipikawanoh hiji utiliti sistim nu         dokuméntasi disarankeun boh mupus eta, atawa miceun eta         dina sato tegalan?<Dackel> zedboy: Ummm ... enya<Zedboy> dackel: masang paket manpages. kudu aya         geus tho.<Zedboy> dackel: conto utiliti bovine saperti?* Greycat hayang hiji video ti dackel ngalungkeun / usr / bin / file dina sapi
		-- Shawn McMahon on debian-curiosa@l.d.o

%
<Elmo> Joy: hatur nuhun, kabagjaan<Doogie> elmo: éta kaleuleuwihan, elmo<Elmo> doogie: indit ulin di lalu lintas<Doogie> ah, elmo urang nyaho jeung cinta
		-- Shawn McMahon on debian-curiosa@l.d.o

%
<Doogie> kabagjaan / elmo: naha bisa teu ip sarua bisa dipaké? ieu seuneu ieu jadi         gede nu dibeuleum alamat ip?
		-- Shawn McMahon on debian-curiosa@l.d.o

%
<Donnerjack> Euweuh nyebutkeun "Kuring ngarasakeun hirup sareng anjeun" kawas kado ti             3 gelar nundutan ...<Mephron> iwal, tangtu, ngarobah bed-Na kana trebuchet a.<Ladegard> Nu loba usaha kudu mean sababaraha nurun tina sayang.
		-- Shawn McMahon on debian-curiosa@l.d.o

%
<Flimsy> Saha dieu kaweruh dina perkara tina sato jangjangan cai? lamun         leumpang ngaliwatan taman, sarta soang dimimitian di handap ieu anjeun ... jeung         ends nepi di handap ieu anjeun leuwih ti satengah mil nepi ka anjeun ngahontal         mobil Anjeun ... di 11pm. Nyaéta soang nu rabid atawa hal?
		-- Shawn McMahon on debian-curiosa@l.d.o

%
<Wolfgang> masalah jeung 'indit manggihan gadis nyata' admonition nyaéta           nu jadi sababaraha di antarana sabenerna geus transformasi taranjang           urutan<Kanyataanana> Sobat, kabogoh mah robah kawas opat kali sapoé
		-- Shawn McMahon on debian-curiosa@l.d.o

%
<Z-Gryphon> Lamun Unicron kungsi kartu Spesifikasina tech, motto-Na bakal jadi "Nu            nu teu jadi bagian tina Hiji nu bakal jadi batal. "<Z-Gryphon> nu nurun tina grand skala, vérsi apocalyptic tina "Kuring            Kami naon atuh dahar. ":)
		-- Shawn McMahon on debian-curiosa@l.d.o

%
<Liiwi> udp - muterna universal hiji japati
		-- Shawn McMahon on debian-curiosa@l.d.o

%
<Lilo> mah geus sok hayang boga situs web jeung big picture of wortel dina eta
		-- Shawn McMahon on debian-curiosa@l.d.o

%
<Bdale> Bdale nyaeta kontraksi tina Barksdale.<Lo-LAN-do> Hm. Ieu pasti teu hiji hal Abdi gé kungsi inget.<Lo-LAN-do> Mind lamun kuring nyebut anjeun Wensleydale gantina?
		-- Shawn McMahon on debian-curiosa@l.d.o

%
<Luca> jeung jalma nu ngomong: kabel serat boga radius ngalipet minimum jeung       narik tegangan? bah! * Yank *<Culus> éta serat YOU FREAKS: P<Luca> culus, Anjeun hoser, éta serat. Kami mah gonna geus datang leuwih       gunung jeung mere Anjeun wedgie a?
		-- Shawn McMahon on debian-curiosa@l.d.o

%
<Maswan> Joy: Nyanggakeun ucing garpu! :)<Maswan> Joy: dibayangkeun hiji wuluku gedé jeung anak ucing paéh di luhur         nya .. jeung getih ngajalankeun turun ..
		-- Shawn McMahon on debian-curiosa@l.d.o

%
<Mjg59> Damnit. Kuring saena sabulan nulis paper a. ieu ngawengku        sabenerna tulisan sakumpulan kode Kaula bade jadi ngawangkong        ngeunaan.<Asuffield> manggihan kebat murid jeung méré ka maranéhna salaku latihan<Mjg59> asuffield: Kaula dikurilingan ku kebat tina siswa. waktu ka tukang kuring        hayu eta toél kode, kuring datang deui jeung kapanggih maranehna kukituna dituliskeun        kabéh C ++ kode di C jeung sagala kode C di C ++<Asuffield> mwahaha<Mjg59> AND peupeus ngawangun
		-- Shawn McMahon on debian-curiosa@l.d.o

%
<Moshez> naon atuh kawas ngeunaan Manoj nyaeta kahayang-Na pikeun basajan jeung leutik         leyuran. kawas EMACS. atawa dvt.<Manoj> oge, dvt ieu _supposed_ jadi basajan<Manoj> eta ngan nyandak 2 minggu nulis<Moshez> Manoj: Ieu merlukeun * diagram * nerangkeun naon unggal bagian teu.
		-- Shawn McMahon on debian-curiosa@l.d.o

%
<Moshez> ok, kuring moal nikah sapi Jo-con-El sacara.
		-- Shawn McMahon on debian-curiosa@l.d.o

%
<Overfiend> guyonan sirit nu oke di pausahaan dicampur. VMS nyaéta NOT !!!
		-- Shawn McMahon on debian-curiosa@l.d.o

%
<Overfiend> LTD: Rupa, ngaliwatan kahirupan ngan nunjukkeun ayana jeung grunting di            naon maksud anjeun. Lumaku pikeun pamaké Mac.
		-- Shawn McMahon on debian-curiosa@l.d.o

%
révisi 1.17.2.7date: 2001/05/31 21:32:44; pangarang: branden; state: exp; garis: +1 -1ARRRRGH !! Meunang G THE ** D *** rasa A F nguji ******* tukang!
		-- Shawn McMahon on debian-curiosa@l.d.o

%
<Overfiend_> Hukum Kahiji Overfiend ngeunaan Paket Quality: Lamun             maintainer diaku ngejah bagian atawa sakabéh ngaran di             Caps, paket bakal ngabandungan.
		-- Shawn McMahon on debian-curiosa@l.d.o

%
<Overfiend_> Intel. Bringing anjeun téknologi motong-ujung 1979             pikeun 22 taun ayeuna.
		-- Shawn McMahon on debian-curiosa@l.d.o

%
<Overfiend> konci pikeun ngucapkeun Perancis ditangtoskeun pikeun narik nu            juru tina sungut anjeun turun salaku sajauh maranéhanana kamungkinan bisa indit,            terus humarurung kawas nu nuju constipated<Overfiend> Anjeun bakal bener paku vokal disada cara nu
		-- Shawn McMahon on debian-curiosa@l.d.o

%
<- Overfiend geus kaluar ( "venturing mudik ngancurkeun aneh anyar                         alam, sarta dahar kahirupan jeung peradaban anyar ")
		-- Shawn McMahon on debian-curiosa@l.d.o

%
<Overfiend> jenis bentang nu laughs di "AWD" kandaraan jeung            ngirimkeun eta tumbling kana ravines
		-- Shawn McMahon on debian-curiosa@l.d.o

%
<Overfiend> Joy: Hey, Aku hiji asshole. Assholes emit gas odious.            Éta naon we ngalakukeun.
		-- Shawn McMahon on debian-curiosa@l.d.o

%
<Overfiend> salaku AJ bakal nyebutkeun, nungguan sok hade<Overfiend> boh naon Anjeun hoyong kajadian, atawa anjeun maot jeung teu bisa            perturbed deui<Overfiend> teh kasulitan jeung filsafat ieu nyaeta AJ tulus            percaya eta
		-- Shawn McMahon on debian-curiosa@l.d.o

%
* Doogie ieu ngarobah kana Manoj<Overfiend> doogie: pamustunganana, urang sadaya ngahurungkeun kana Manoj<Overfiend> Manoj nyaéta beusi Debian sacara<Overfiend> pamustunganana, urang sadaya buruk ka Manoj
		-- Shawn McMahon on debian-curiosa@l.d.o

%
<Overfiend> tapi kasampak di Perancis. Anjeun bisa ngejah unggal kecap dina            basa maranéhanana phonetically ngagunakeun ngan ngeunaan 6 aksara<Overfiend> 4 konsonan jeung 2 vokal<Overfiend> c, f, r, l. Jeung vokal? Nah, hiji nyaeta sora anjeun            nyieun lamun anjeun boga kabebeng; séjén lamun anjeun boga            mencret<Overfiend> naon anu anjeun nyangka ti nu diet snail jeung kodok?
		-- Shawn McMahon on debian-curiosa@l.d.o

%
X-Manoj-Posisi-Panaséhat: Punten dicatet yén Manoj Srivastava dipikaresep mamang    mana wae fakta posited jeung opposes nu mana wae nu conclusions nepi dina talatah ieu.
		-- Seen in the headers of a mail from Branden Robinson

%
<Sangr> imah téh mana bandwidth pangluhurna nyaéta
		-- Seen in the headers of a mail from Branden Robinson

%
<Sangr> teu leuwih perl ... éta neken ...<Sangr> i mikir perl jeung i kudu sababaraha waktu ti silih<Sangr> urang dijieun musik geulis babarengan ngeunaan sataun katukang ...<Sangr> tapi kali geus robah, urang robah ..
		-- Seen in the headers of a mail from Branden Robinson

%
<StevenK> kuring biasana bisa supress perasaan anu nyaritakeun kuring ngadat          tackle gadis kana bushes
		-- Seen in the headers of a mail from Branden Robinson

%
<Wiggy> bwah, vodka dina beurit mah
		-- Seen in the headers of a mail from Branden Robinson

%
<Wiggy> dina move anyar stunning mah sabenerna dites upload ieu
		-- Seen in the headers of a mail from Branden Robinson

%
<WiggyWork> 3990 N Apr 15 imut kabogoh (45) erotis Amateur girlfriends<WiggyWork> kuring teu sadar anjeun geus girlfriends panarjamah ogé
		-- Seen in the headers of a mail from Branden Robinson

%
Tapi, minat mah tangkal modular ieu tempered ku sababaraha bagianteu aya.kahareup X
		-- Daniel Stone on debian-{x,devel}, commenting on the

%
Teu manéhna mikir urang euy hayang diuk di sakuliah lukisan Debian swirls dina urangtoenails?
		-- Erinn Clark, referring to the Debian-women project

%
modconf (0.2.37) stabil stabil; urgency = sedeng  [...]  * Eduard Bloch:    - Tetep Makefile pegat Marcin Owsiany bari katukang. Nu standar manpage      geus overwritten jeung tarjamahan ngagosok. Kuring masih heran naha      taya sahijieun noticed ieu saméméh. Nutup: # 117474  [...]
		-- Eduard Bloch <blade@debian.org>  Sun, 28 Oct 2001 12:53:27 +0100

%
<| Ryan |> teu make debman goréng <netgod> u<Pegatkeun> netgod: heh<Kingsqueak> apt-meunangkeun masang tugas-p0rn
		-- Eduard Bloch <blade@debian.org>  Sun, 28 Oct 2001 12:53:27 +0100

%
(Ieu téh hiji tradisi Debian heubeul ninggalkeun sahenteuna dua kali sataun ...)
		-- Sven Rudolph

%
<Joey> gorgo: * hihi *<Gorgo> Angga: naon jadi lucu? :)<Culus> shh, Angga téh kaleungitan kabeh sanity ti kurangna sare<Culus> 'yes Angga, kacida lucu'<Culus> Humor manéhna:>
		-- Seen on #Debian

%
* SynrG catetan anu jumlah patarosan konfigurasi ngajawab di sendmail  nyaeta Non-trivial
		-- Seen on #Debian

%
* JHM keajaiban naon Joey teu ka earn "Abdi ngan kawas ngomong, pikeun catetan,  nu Joey aturan. "
		-- Seen on #Debian

%
Ulah jalma kawas mariksa website Debian unggal 5 menit mariksa geus teumorphed ka hiji sejen? Teu tangka simkuring ngaraos hiji ngobrol, tapi sababaraha urang sacara seriuskudu meunang hirup.
		-- james on #Debian

%
* James bakal leuwih impressed lamun kakuatan magic netgod urang bisa ngeureunkeun  splits di tempat kahiji ...* Netgod catetan pamekar Debian nu notoriously hésé ngingetkeun
		-- Seen on #Debian

%
   * Dina antisipasi ti 2.10.02 release, diropéa ka patchlevel     +ircu2.10.01+.config6-7.config7-8.lgline3.iwho.limit.glibc.motdcache2.trace.whois1-2.config8-9.statsw.sprintf2-3.msgtree2.memleak1-2+.msgtree2-3.gline8-9.gline9-10.invite2.rbr.stats.numclients.whisper.whisper1-2.stats1-2.nokick1-2.chroot.config9-11.snomask7-8.limi+t1-3.userip1-3.userip3-4.config11-12.config12-13.umode2-3.akillsbt.who4-5.kn.kn1-2.freebsdcore2.msgtree3-5.y2k.glibc1-2.rmfunc.msgf+lags2.who5-6.nickchange2.glibc2-3.modeless3
		-- From the annoucement of ircd 2.10.01-3 for Debian GNU/Linux

%
* Joey teu kudu nulis éntri changelog di 5:30 am<Joey> * DFSC Free CGI perpustakaan<Joey> Naon nu? DFSC?<Jim> Debian Free Software mroooooCows
		-- Seen on #Debian

%
<James> nyiksa kuring. Aku jadi lame I dikirim laporan kutu ka Debian-devel-robah
		-- Seen on #Debian

%
<Poék> dahar gumantung: masak | dahar-kaluar.       Tapi dahar-kaluar téh non-bébas jadi nu kaluar.       Jeung masak ngajak: bersih-Panci.
		-- Seen on #Debian

%
Anjeun moal sensor kuring ngaliwatan kutu terorisme.
		-- James Troup

%
<Doogie> pamikiran bahaya. Ieu ngabalukarkeun gagasan.
		-- Seen on #Debian

%
<James> Anu we bade nyieun hiji emacs kaluar apt?        Apt - Debian dina program a. Eta komo teu laundry Anjeun
		-- Seen on #Debian

%
Debian kawas Suse jeung yast dipareuman, ngan leuwih alus. :)
		-- Goswin Brederlow

%
Charles Briscoe-Smith <cpbs@debian.org>:  Barina ogé, paket gzip disebut `gzip ', teu` libz-bin' ...James Troup <troup@debian.org>:  Eh, meureun sabab gzip binér teu datang ti  paket libz non-existent atawa paket zlib existent.
		-- debian-bugs-dist

%
<Jim> Lemme pastikeun Kaula teu wasting waktu dieu ... bcwhite bakal nyabut      pkgs nu havent geus tetep nu geus bug beredar tina severity      "Penting". Bener atawa palsu?<JHM> Jim: "penting" atawa luhur. Bener.<Jim> Saterusna urang geus rék leungit ftp.debian.org jeung dpkg :)* Netgod bakal luput dpkg - ieu aya kalana dipake<Joey> Urang masih boga rpm ....
		-- Seen on #Debian

%
Keur overloaded nyaeta tanda a maintainer Debian bener.
		-- JHM on #Debian

%
Kami amazed nu no-hiji nu dumasar sebaran komérsial dina Debiancan - eta ku jauh UNIX kawas OS paling padet mah geus kungsi dipasang,jeung kuring geus diputer jeung HP / UX, Solaris, FreeBSD, BSDi, sarta SCO (teunyebut OS / 2, Novell, Win95 / nt)
		-- Nathan E. Norman

%
> <Gaib +3 Hhh tina hyperbole deflection>branden The dodges Hhh gaib Anjeun. branden The nyerang Anjeun sareng hijislew kecap! branden The misses!
		-- Henning Makholm in <yahsmr7dk9k.fsf@pc-043.diku.dk>

%
Ku teu sangka 'Ieu leuwih hade tinimbang hurling diri kana coét daging'nyaeta rationale alus pikeun ngalakonan hiji hal.<20030905221055.GA22354@doc.ic.ac.uk> dina Debian-devel
		-- Andrew Suffield in

%
<Overfiend> whew.<Overfiend> Nyaan kudu meunang sababaraha sare.<Overfiend> tapi yakin ieu fun ngawangkong gitar, politik, jeung lesbi.
		-- Andrew Suffield in

%
Saha ditanya lamun organisasi Debian ieu paéh teu macaDebian-devel. 66 talatah dina hiji poe, sarta teu leuwih. Kuring manggihan etahésé pikeun tetep up.
		-- Bruce Perens

%
<Asuffield> serat di AS nyaeta lulucon saperti a. dina bagian beradab tina             dunya, DSL * dimimitian * di speeds mana serat US ngidinan off<Joshk> asuffield: australia nyaeta bangsa pinuh ku savages?<Asuffield> joshk: maranehna saena ngeunaan hiji 9600 modem antara sakabeh nu             nagara damn
		-- in #debian-devel

%
<Nobse> bleh ... tadi peuting kuring kungsi ngimpi ... batur NMU'ed vim ...         goreng ngimpina
		-- in #debian-devel

%
