A bantuan hayang nambahkeun keur wartawan poto nanya Patarosan rhetorical:Lamun kapanggih sorangan dina kaayaan hiji di mana Anjeun boh bisa nyalametkeuna man drowning, atawa Anjeun bisa nyandak hadiah Pulitzer unggulphotograph manéhna drowning, naon laju jepret jeung setting bakal Anjeun pake?
		-- Paul Harvey

%
A hayam bikang anak ucing BroodingA babaturan informs urang yén manéhna nempo di ranch Novato, Marin county,sababaraha poé saprak, hen a sabenerna brooding jeung disebutkeun miara tiluanak ucing! gentleman The kana nu enggon kajadian aneh ieu transpiringnyebutkeun hen nu ngadopsi anak ucing lamun maranéhanana éta tapi heubeul sababaraha poé, jeung numanéhna geus devoted eta perawatan sapinuhna nya sababaraha minggu katukang. nu ngorafelines ayeuna ukuran menak, tapi Tapi turutan hen dicluckings nya, sarta rutin brooded peuting handapeun jangjang nya.
		-- Sacramento Daily Union, July 2, 1861

%
A wartawan, thrilled leuwih dinner-Na, nanya ka kang Oki keur resep.Retorted kang Oki teh, "Hampura, urang geus kawijakan sarua jeung anjeun wartawan, urangkungsi nembongkeun saos urang. "
		-- Sacramento Daily Union, July 2, 1861

%
A koran Mexican ngalaporkeun yen bosen pilots Royal Angkatan Udara ditempatkeundina Kapuloan Falkland geus devised naon anu maranehna mertimbangkeun anyar kacida alusnagame. Noting yen pinguin lokal anu fascinated ku airplanes, nupilots sungsi kaluar basisir mana manuk anu dikumpulkeun jeung ngapung lalaunansapanjang eta di tepi cai sacara. Sugan sapuluh rebu pinguin ngahurungkeun maranéhananahuluna dina unison ningali planes indit ku, sarta lamun pilots ngahurungkeunkira-kira jeung ngapung deui, manuk ngahurungkeun huluna maranéhanana di sabaliknaarah, kawas panongton di hiji patandingan ténis slow-motion. Saterusna,laporan kertas "The pilots ngapung kaluar laut jeung langsung ka pingguin nujajahan jeung overfly eta. Huluna indit nepi, nepi, nepi, jeung sapuluh rebu pinguindigolongkeun leuwih gently onto bék maranéhanana.
		-- Audobon Society Magazine

%
A Way New tina Nyandak PélA dokter sapeuting di Wisconsin keur kaganggu ku maling, jeungngabogaan no bal atawa shot keur pestol-Na, noiselessly dimuat pakarang jeungleutik, Pél teuas, sarta méré jelema nu ngacow hiji "resép" anu manéhna nyangkabakal balik jauh ka arah curing nu rascal tina panyakit enteng pisan goréng.
		-- Nevada Morning Transcript, January 30, 1861

%
A koran nyaeta perpustakaan sirkulasi jeung tekanan getih luhur.
		-- Arthure "Bugs" Baer

%
A penyiar nonjol, dina Safari gedé-game di Afrika, dicandak kawatering liang mana kahirupan leuweung bisa dititénan. manéhnakokotéténgan turun ti platform tangkal sarta digambarkeun adegan kana-Natape recorder, manéhna nempo dua gnus grazing kalawan daméy. Jadi preoccupied étamaranehna nu gagal pikeun niténan pendekatan hiji kareueus of singa dipingpinku dua spésimén megah, écés pamingpin. Nu singa muatan,ditelasan nu gnus, sarta nyeret kana bushes mana feasting maranéhananateu bisa ditempo. A bari saeutik saterusna dua raja ti leuweung numecenghul sarta radioman kacatet dina pita-Na: "Wah, éta ahirnu gnus jeung di dieu, sakali deui, aya singa sirah. "
		-- Arthure "Bugs" Baer

%
"A rakun tangled jeung garis 23,000 volt ayeuna. Hasil blackedkaluar 1400 imah jeung, tangtu, hiji rakun. "
		-- Steel City News

%
A gadis ngora sakali bunuh diri alatan indungna nampik nya anyarbonet. vonis Coroner sacara: "Pupusna ti spunk kaleuleuwihan."
		-- Sacramento Daily Union, September 13, 1860

%
Advertisements ngandung ngan truths jadi relied dina dina koran.
		-- Thomas Jefferson

%
Sanggeus dua atawa tilu minggu madness ieu, Anjeun ngawitan ngarasa Salaku Hiji jeungman anu ngomong, "Teu warta warta alus." Dina dua puluh dalapan tulak, nganjenis rarest tina tuah bakal ngahurungkeun nepi leuwih ti dua atawa tilu artikel tinainterest wae ... tapi komo mangka item interest biasana dikubur jerokira-kira ayat 16 dina kaca aing (atawa "cont. on ...") ...Nu Post bakal boga carita ngeunaan Muskie nyieun pidato di Iowa. nuStar bakal ngomong hal anu sarua, sarta Journal bakal nyebutkeun euweuh di sadaya.Tapi Times bisa boga cukup kamar dina kaca luncat ngawengku garisatawa jadi nu nyebutkeun hiji hal kawas: "Lamun manéhna réngsé ucapan-Na, Muskiepeupeus kana lawon sarta nyita manager kampanye-Na ku sisi beuheung.Maranéhanana grappled sakeudeung, tapi perjuangan ieu ditajong eta ku Orientalawewe anu seemed jadi di kontrol. "Ayeuna éta journalism alus. Sagemblengna obyektif; pisan aktif jeung lempengka titik.
		-- Hunter S. Thompson, "Fear and Loathing '72"

%
Sadaya koran panulis redaksi kungsi ngalakukeun ieu turun ti pasir sanggeusperang nu leuwih jeung némbak nu tatu.
		-- Hunter S. Thompson, "Fear and Loathing '72"

%
Hiji editor mangrupa salah anu misahkeun gandum ti chaff jeung prints chaff teh.
		-- Adlai Stevenson

%
"... Jeung inget: lamun teu kawas warta, buka kaluar jeung nyieun sababarahaAnjeun sorangan. "
		-- "Scoop" Nisker, KFOG radio reporter Preposterous Words

%
Jeung nu cara éta téh ...
		-- Walter Cronkite

%
Bumi ancur ku flare Solar - klip film di sabelas.
		-- Walter Cronkite

%
Unggal wartawan boga novel di manéhna, nu mangrupakeun tempat alus teuing pikeun eta.
		-- Walter Cronkite

%
Sagala maca dina koran kacida bener, iwal nucarita jarang nu Anjeun lumangsung boga pangaweruh kahiji-leungeun.
		-- Erwin Knoll

%
Flash!Kecerdasan umat manusa turunna.Rincian di ... eh, nalika leungeun saeutik nyaeta dina ....
		-- Erwin Knoll

%
... Kungsi ieu geus kaayaan darurat sabenerna, urang bakal ngungsi di teror,jeung anjeun bakal teu geus informed.
		-- Erwin Knoll

%
Kuring ngan nyaho naon atuh maca dina tulak.
		-- Will Rogers

%
Kuring maca koran avidly. Ieu téh hiji wujud mah fiksi kontinyu.
		-- Aneurin Bevan

%
Nyaan kasampak jeung commiseration leuwih awak gede warga sasama mahanu, maca koran, hirup jeung maot dina kapercayaan yén maranéhanana geus dipikawanohhal naon geus ngalirkeun dina jangka waktu maranéhanana.
		-- H. Truman

%
Lamun kuring éta leumpang dina cai, pencét bakal nyebutkeun Kaula ngan ngalakonan etaalatan kuring teu bisa ngojay.
		-- Bob Stanfield

%
Lamun leungit watek Anjeun dina columnist koran, manéhna bakal meunangkeun beunghar,atawa kawentar atawa duanana.
		-- Bob Stanfield

%
Dina sedeng nu hiji News Piece nyokot menit jeung "In-Jerona"Piece nyokot dua menit, basajan bakal ngajalankeun kaluar Complex teh.
		-- Frank Mankiewicz

%
Aya teu nya conceivable ka anjeun nu hiji jalma calakan bisa palabuhandua gagasan lawan dina pikiran-Na?
		-- Adlai Stevenson, to reporters

%
Anak failings notwithstanding, aya loba tiasa nyarios dina ni'mat journalismdi nu ku méré urang pamadegan nu teu boga pendidikan, eta ngajaga urang dina touch jeungnu jahiliah masarakat.
		-- Oscar Wilde

%
Jurnalisme nyaéta literatur puguh a.
		-- Matthew Arnold

%
Jurnalisme bakal maehan anjeun, tapi bakal tetep anjeun hirup bari anjeun di dinya.
		-- Matthew Arnold

%
Kalolobaan journalism batu nyaéta jelema anu teu bisa nulis wawancara jelema anuteu bisa ngobrol pikeun jalma anu teu bisa maca.
		-- Frank Zappa

%
bapa ieu man Allah-fearing, tapi manéhna kungsi lasut salinan tinaNew York Times, boh.
		-- E. B. White

%
Kungsi nyigeung urang jeung gaya lamun bisa nyigeung poto eta sareng zat.
		-- Sam Brown, "The Washington Post", January 26, 1977

%
   *** NEWSFLASH ***tanghi Rusia steamrolling ngaliwatan New Jersey !!!! Rincian di sabelas!
		-- Sam Brown, "The Washington Post", January 26, 1977

%
"Teu lauk timer respecting bakal rek dibungkus dina nu jenis kertas."direbut ku Rupert Murdoch
		-- Mike Royko on the Chicago Sun-Times after it was

%
Naon nu katingali dina buku, percaya 75%. Ti koran, percaya 50%. sartawarta TV, percaya 25% - jieun nu 5% lamun anchorman nu ageman blazer a.
		-- Mike Royko on the Chicago Sun-Times after it was

%
Sakali deui Ti Topbewara koreksi di Rajana Herald: "Minggu kamari, The Herald erroneouslyngalaporkeun yén asli lauk lumba-lumba Johnny Holmes geus hiji salesman asuransidi Raleigh, Karolina Kalér, yén anjeunna ngalaman meunang lotre New York taun 1982 jeungleungit duit dina swindle taneuh, yén manéhna geus boga muatan jeung vehicularrajapati, tapi ngabukti sabab indungna ceuk manéhna drove mobil, jeung numanéhna nyatakeun yén hal funniest manéhna kungsi nempo ieu Flipper spouting cai dinaGeorge Wilson. Unggal barang ieu ieu material erroneous diterbitkeuninadvertently. Manéhna teu salesman asuransi di Raleigh, teu meunanglotre, ayakeun manéhna atawa indungna ieu muatan atawa aub dina sagala cara jeungvehicular rajapati, sarta manéhna dijieun no comment ngeunaan Flipper atawa George Wilson.The Herald regrets kasalahan. "
		-- "The Progressive", March, 1987

%
Salah sahiji tanda hebat pisan Napoleon nyaéta kanyataan yén manéhna sakali kungsishot penerbit.
		-- Siegfried Unseld

%
Jalma anu lucu jeung pinter jeung mulang Telepon meunang leuwih hadépencét ti jelema anu ngan lucu jeung pinter.
		-- Howard Simons, "The Washington Post"

%
Photographing gunung téh saukur ngeunaan hal paling henteu resep Anjeun bisa ngalakukeun.[Anu geus jelas kungsi usaha maké PDP-10. Ed.]
		-- Robert B. Goodman

%
Wartawan kawas Bill Greider ti Washington Post jeung ka AnjeunnaNaughton tina New York Times, misalna, geus file lila, lengkep,jeung carita kawilang pajeulit unggal poé - bari deadline sorangan muragunggal dua minggu - tapi ayakeun di antarana kungsi seemed dina buru ngeunaanmeunang karya maranéhanana dipigawé, sarta ti jaman ka jaman maranehna bakal nyoba konsolkuring ngeunaan tekanan dahsyat mah sok seemed jadi laboring dina.Sakur psikiater $ 100-an jam meureun bisa ngajelaskeun masalah ieuka kuring, dina tilu belas atawa opat belas sesi, tapi kuring teu boga waktu keur éta.mamang No mibanda hal pikeun ngalakukeun jeung kapribadian cacad jero-seated, atawameureun hiji kink dina getih naon wadah ngabalukarkeun kana kelenjar pineal ... OnDi sisi séjén, eta bisa jadi hiji hal salaku basajan & dasarna perverse salakunaluri naon eta nu nyababkeun jackrabbit ka ngadagoan nepi ka ahirmungkin kadua pikeun DART sakuliah jalan di hareupeun mobil ngebut.
		-- Hunter S. Thompson, "Fear and Loathing on the Campaign Trail"

%
iklan ieu bagian paling jujur ​​tina koran.
		-- Thomas Jefferson

%
Nu American dental Association ayeuna ngumumkeun yén paling piagam nujupikeun ngabentuk dina huntu kira-kira 4:00 PM sore.Film di 11:00.
		-- Thomas Jefferson

%
service Nu paling penting rendered ku pencét nyaeta nu ngadidikurang kaanggo zat dicitak kalawan Percaya.
		-- Thomas Jefferson

%
"The New York Times dibaca ku jalma nu ngajalankeun nagara. NuWashington Post dibaca ku jalma nu mikir maranehna ngajalankeun nagara. nuEnquirer Nasional dibaca ku jalma nu mikir Elvis nyaeta hirup jeung ngajalankeunnagara ... "
		-- Robert J Woodhead

%
Ngan qualities for keur ayaan nyata dina journalism nu ratlike licik, hijimanner masuk akal jeung pangabisa sastra saeutik. kapasitas ka maokgagasan jeung frasa jalma lain urang ... ogé invaluable.
		-- Nicolas Tomalin, "Stop the Press, I Want to Get On"

%
dunya bener teu nu mana wae nu goréng. Ieu ngan nu sinyalna wartakitu leuwih hadé.
		-- Nicolas Tomalin, "Stop the Press, I Want to Get On"

%
"Terus anjeun ngaku confirming teu denying anjeun kungsi ngomong yén?""NO! ... Maksud kuring Sumuhun! Naon?""Abdi gé nunda` meureun. ' "
		-- Bloom County

%
Ieu mangrupa test sistim siaran darurat. Geus aya geus andarurat sabenerna, mangka anjeun bakal henteu deui jadi di dieu.
		-- Bloom County

%
Ieu mangrupa test tina System Broadcast darurat. Mun ieu geus andarurat sabenerna, ulah bener mikir we kukituna lengket kira-kira ka ngabejaan ka maneh?
		-- Bloom County

%
kahirupan Ieu test a. Ieu téh ngan test a. Geus ieu geus hiji kahirupan nu sabenerna, Anjeunbakal narima parentah salajengna pikeun naon anu kudu dipigawé jeung mana indit.
		-- Bloom County

%
Perhatosan: Dengekeun ka WXRT dina Poé April Fools 'teu disarankeun pikeunmaranéhanana anu rada disoriented sababaraha jam munggaran sanggeus bangun up.
		-- Chicago Reader 4/22/83

%
Anjeun nyaho hal gede ngeunaan TV? Lamun hal penting kajadiandi mana waé di sadaya di dunya, euweuh urusan naon waktu poé atawa peuting,anjeun sok bisa ngarobah saluran.
		-- Jim Ignatowski

%
