  A nyeri saeutik kungsi menyakiti saha.
		-- Arthur Baer, American comic and columnist

%
  "A hasil ngahijikeun Tatar, nétral Jerman? Dibikeun nu warisan bangsa urang, saperti a  frase bisa ngabuktikeun jadi oxymoron dékade. "-Kevin M.  Matarese, Fulda, Jérman Kulon; salaku ditempo dina "Sastra", Zona  majalah, p. 5, March 5, 1990.
		-- Arthur Baer, American comic and columnist

%
  A kontrak verbal teu patut kertas ayeuna teh ditulis dina. ngasupkeun  kuring kaluar. -Samuel Goldwyn
		-- Arthur Baer, American comic and columnist

%
  Kristus lahir di 4 B.C.
		-- Arthur Baer, American comic and columnist

%
  tacent cum, clamant. Lamun maranehna jempe, maranéhanana ngagorowok. -Cicero
		-- Arthur Baer, American comic and columnist

%
  Gentlemen, kuring rek nyaho yén Kami teu salawasna bener, tapi Kami  kungsi salah. -Samuel Goldwyn
		-- Arthur Baer, American comic and columnist

%
  Mana (indit) leuwih kawas balon kalungguhan.
		-- Arthur Baer, American comic and columnist

%
  Honk lamun anjeun aya ngalawan polusi noise!
		-- Arthur Baer, American comic and columnist

%
  Abdi gé méré Anjeun definite meureun. -Samuel Goldwyn
		-- Arthur Baer, American comic and columnist

%
  Kuring mah bade ngomong, "Kuring ka Anjeun jadi."
		-- Arthur Baer, American comic and columnist

%
  Kami jalma deeply deet. -Andy Warhol
		-- Arthur Baer, American comic and columnist

%
  Simkuring ngaraos reueus of humility mah.
		-- Arthur Baer, American comic and columnist

%
  Kuring bisa nolak sagalana iwal godaan. -Oscar Wilde
		-- Arthur Baer, American comic and columnist

%
  Lamun Roosevelt éta hirup, manéhna kukituna ngahurungkeun leuwih di alam kubur-Na. -Samuel  Goldwyn
		-- Arthur Baer, American comic and columnist

%
  Lamun kuring bisa leupaskeun paéh ayeuna, Abdi jadi manusa happiest hirup!
		-- Samuel Goldwyn

%
  Lamun turun jeung megatkeun suku anjeun, teu datang ngajalankeun ka kuring. -Samuel  Goldwyn
		-- Samuel Goldwyn

%
  Kuring teu kungsi ditunda pasangan sapatu nepi ka kuring geus dipaké eta lima taun.
		-- Samuel Goldwyn

%
  Ieu téh teu ilusi optik. Ieu ngan Sigana mah hiji.
		-- Samuel Goldwyn

%
  Ieu leuwih ti megah-éta si asa. -Samuel Goldwyn
		-- Samuel Goldwyn

%
  Dupi abdi menta pertanyaan?
		-- Samuel Goldwyn

%
  hiji No mana nu restoran deui-eta nu sok teuing rame.  (Attributed ka Yogi Berra)
		-- Samuel Goldwyn

%
  komedi urang teu bisa laughed di. -Samuel Goldwyn
		-- Samuel Goldwyn

%
  Parting téh duka amis saperti. -William Shakespeare
		-- Samuel Goldwyn

%
  Procrastination hartina kungsi ngabogaan ngomong anjeun sorry.
		-- Samuel Goldwyn

%
  "Sertifikasi Profesional pikeun jalma mobil bisa disada kawas hiji  oxymoron. "-The Wall Street Journal, kaca B1, Salasa, Juli 17,  1990.
		-- Samuel Goldwyn

%
  Ngarujuk kana buku: Kuring maca bagian eta sadayana jalan ngaliwatan.
		-- Samuel Goldwyn

%
  Udud teh ngabalukarkeun ngarah statistik.
		-- Samuel Goldwyn

%
  Sababaraha bachelors hayang hubungan sapeuting bermakna.
		-- Samuel Goldwyn

%
  Ngawangkong ngeunaan sapotong dialog film: Hayu urang geus sababaraha anyar  cliches. -Samuel Goldwyn
		-- Samuel Goldwyn

%
  adegan anu kusam. Ngabejaan manéhna pikeun nunda leuwih hirup kana dying-Na.
		-- Samuel Goldwyn

%
  Alhamdulillah Aku hiji atheis.
		-- Samuel Goldwyn

%
  laporan ieu ngeusi omissions.
		-- Samuel Goldwyn

%
  Urang teu Antisipasi emergencies mana waé.
		-- Samuel Goldwyn

%
  Arurang overpaying manéhna, tapi manéhna patut eta. -Samuel Goldwyn
		-- Samuel Goldwyn

%
  ngahargaan-Na rooted di dishonor ngadeg,  Jeung iman teu satia terus manéhna falsely bener.
		-- Alfred Lord Tennyson

%
  Nu oxymoron alus, keur ngartikeun eta ku timer ilustrasi, kudu jadi  rencanana inadvertency. -Wilson Follett
		-- Alfred Lord Tennyson

%
  Hiji Irishman teu pernah di karapihan iwal lamun manéhna pajoang.
		-- Alfred Lord Tennyson

%
  I Marvel di kakuatan kalemahan manusa.
		-- Alfred Lord Tennyson

%
  Sok jadi tulus, komo lamun teu mean eta. -Irene Peter
		-- Alfred Lord Tennyson

%
  Hirup dina panghasilan Anjeun, sanajan upami Anjeun geus nginjeum pikeun ngalakukeunana.
		-- Josh Billings

%
  Tangtu kuring bisa ngajaga Rahasia. Ieu jelema mah ngabejaan ka nu  teu bisa ngajaga eta. -Anthony Haden-Tamu
		-- Josh Billings

%
  Nu cageur pangalusna pikeun insomnia nyaéta pikeun meunangkeun loba sare. -W. C. Widang
		-- Josh Billings

%
  I distinctly inget forgetting éta. -Clara Barton
		-- Josh Billings

%
  Urang kudu percaya bakal bébas. Urang teu boga pilihan. -Isaac B. Singer
		-- Josh Billings

%
  Abdi méré panangan katuhu mah jadi ambidextrous.
		-- Josh Billings

%
  Tauhid nyaeta kado ti dewa.
		-- Josh Billings

%
  Sanggeus maranehna meunang leupas tina hukuman modal, maranéhanana geus ngagantung dua kali  saloba jelema salaku saméméh.
		-- Josh Billings

%
  Kuring teu kungsi liked anjeun, jeung kuring sok bakal. -Samuel Goldwyn
		-- Josh Billings

%
  Naha teu masangkeun `em nepi di threes? -Yogi Berra
		-- Josh Billings

%
  kamiripan urang beda. -Dale Berra, putra Nunung
		-- Josh Billings

%
  Sanggeus Donald Trump urang manteng limousine ieu dicokot ku batur jeung kapanggih  undamaged sababaraha blok jauh; cenah, "Euweuh ieu dicokot ku batur. Kuring kungsi  an maling jujur ​​"-. International Herald Tribun, kaca 3, March 2,  1992
		-- Josh Billings

%
  Sababaraha populasi manuk soaring turun-Headline Hiji artikel dinaÉlmu News, kaca 126, Pebruari 20, 1993.
		-- Josh Billings

%
  Kalolobaan baktéri miboga kasopanan jadi mikroskopis. Epulopiscium  fishelsoni teu di antara maranehna. Nu karek dicirikeun hiji-bersel  macro-microorganism mangrupa full .5 mm lila, cukup badag ka ditempo  jeung ku mata taranjang. Digambarkeun dina Alam kiwari, "Ieu téh hiji  juta kali salaku masif salaku baktéri has "-. Time, kaca 25,  March 29, 1993
		-- Josh Billings

%
  "Triumph tanpa meunangna, The Unreported Sajarah Pérsia  Perang Teluk ", -Headline dimuat dina AS News & Laporan Dunya,  1992.
		-- Josh Billings

%
  Hiji cab kosong drove luhur jeung Sarah Bernhardt meunang kaluar. -Arthur Baer,  komik American jeung columnist
		-- Josh Billings

%
  Manéhna dipaké pikeun diet dina nanaon dahareun manéhna bisa iklas leungeun nya dina.
		-- Arthur Baer, American comic and columnist

%
  Kaayaan munggaran kalanggengan téh maot. -Stanislaw Lec
		-- Arthur Baer, American comic and columnist

%
  Salaku kawentar salaku soldadu nu teu dipikanyaho.
		-- Arthur Baer, American comic and columnist

%
  Kuring kudu nuturkeun urang. Kami mah teu pamingpin maranéhanana? -Benjamin Disraeli
		-- Arthur Baer, American comic and columnist

%
  Hegel ieu katuhu sabot ceuk urang diajar tina sajarah nu man  can kungsi diajar nanaon ti sajarah. -George Bernard Shaw
		-- Arthur Baer, American comic and columnist

%
  aturan William Safire pikeun tulisan salaku ditempo dina New York Times     Ulah nunda pernyataan dina bentuk négatif.     Jeung teu ngamimitian kalimat jeung ditéang a.     Lamun reread karya Anjeun, Anjeun bakal manggihan dina rereading nu gede     deal of pengulangan bisa dihindari ku rereading jeung ngedit.     Kungsi ngagunakeun kecap lila lamun hiji diminutive baris ngalakonan.     superlatives teu minuhan sarat anu awon sakabeh.     Lamun kecap naon wae teu pantes di ahir kalimah a, a linking kecap pagawean teh.     Hindarkeun locutions trendi nu disada flaky.     Kungsi, kungsi make redundancies repetitive.     Oge, nyingkahan murwakanti kagok atawa kapangaruhan.     Pamungkas, tapi teu saeutik, nyingkahan klise sacara kawas ulah kitu.
		-- Arthur Baer, American comic and columnist

%
  Sarerea nyerat dina tembok iwal kuring. -Said Jadi corétan ditempo dina Pompeii
		-- Arthur Baer, American comic and columnist

%
  I tripped leuwih liang nu nempel nepi kaluar ti taneuh.
		-- Arthur Baer, American comic and columnist

%
  Ku teu sangka saha kudu nulis otobiografi maranéhanana nepi ka sanggeus  maranéhanana geus paéh. -Samuel Goldwyn
		-- Arthur Baer, American comic and columnist

%
  Kaca ieu intentionally kenca kosong.
		-- Arthur Baer, American comic and columnist

%
  Jahat teu sadaya goréng.
		-- Arthur Baer, American comic and columnist

%
  Kuring teu satuju jeung unanimity.
		-- Arthur Baer, American comic and columnist

%
  "Ieu undak maju sanajan aya no kamajuan."  Présidén Hosni Murbarak Mesir ngusahakeun pikeun nunda beungeut pangalusna  dina pasamoan gempungan nguciwakeun antara Présidén Clinton jeung  nu Siria diktator Hafez Assad.
		-- Arthur Baer, American comic and columnist

%
  "Kuring sok nyingkahan prophesying beforehand sabab leuwih hadé  ka ramalan sanggeus acara geus dicokot tempat. "- Winston  Churchill
		-- Arthur Baer, American comic and columnist

%
 Sadaya truths nu bener ka ngalegaan, kaasup hiji ieu. -XA
		-- Arthur Baer, American comic and columnist

%
 Nganggap kahadean, lamun anjeun geus henteu. -William Shakespeare
		-- Arthur Baer, American comic and columnist

%
 Sadaya Generalisasi anu picilakaeun, kaasup hiji ieu.
		-- Arthur Baer, American comic and columnist

%
